python : Traceback (most 
recent call last):
At line:1 char:1
+ python test_app.py > 
..\test_output.txt 2>&1; 
type ..\test_output.txt
+ ~~~~~~~~~~~~~~~~~~~~~~~~~
~~~~~~~~~~~~~~~~~~~
    + CategoryInfo         
     : NotSpecified: (Tra  
  ceback (most recent ca   
 ll last)::String) [],     
RemoteException
    + FullyQualifiedErrorI 
   d : NativeCommandError
 
  File "V:\Philosphy-Courtr
oom\tests\..\backend\app.py
", line 93, in handle_judge
    verdict = get_judge_ver
dict(user_argument, 
ai_argument, topic, 
round_num, history)
  File "V:\Philosphy-Courtr
oom\tests\..\backend\judge.
py", line 143, in 
get_judge_verdict

[TEST] AI Philosophy Courtroom - Test Suite
============================================================

[CONFIG] Config & Models
----------------------------------------
   1. [PASS] Config loads
   2. [PASS] API key is set
   3. [PASS] Base URL is correct
   4. [PASS] 3 models configured
   5. [PASS] Primary model is llama-3.1-8b
   6. [PASS] Fallback 1 is mistral-7b
   7. [PASS] Fallback 2 is gemma-7b
   8. [PASS] Opponent token limit set
   9. [PASS] Judge token limit set

[DOMAIN] Domain Restriction
----------------------------------------
  10. [PASS] 'Free will is an illusion' -> accepted
  11. [PASS] 'Consciousness requires experience' -> accepted
  12. [PASS] 'Morality is relative' -> accepted
  13. [PASS] 'I think therefore I am' -> accepted
  14. [PASS] 'Existence precedes essence' -> accepted
  15. [PASS] 'Write me python code' -> rejected
  16. [PASS] 'What is the weather' -> rejected
  17. [PASS] 'Calculate 2+2' -> rejected
  18. [PASS] 'Hello how are you' -> rejected
  19. [PASS] 'The game of moral philosophy' -> accepted (edge case)
  20. [PASS] Short input 'hi' -> rejected
  21. [PASS] Rejection message is defined

[JUDGE] Judge Response Parsing
----------------------------------------
  22. [PASS] Parses clean JSON
  23. [PASS] Extracts JSON from text
  24. [PASS] Handles non-JSON gracefully
  25. [PASS] Clamps scores to 0-10 range
  26. [PASS] Handles missing fields
  27. [PASS] Rounds scores to 1 decimal

[SERVER] Flask Server Endpoints
----------------------------------------
  28. [PASS] GET /api/health -> 200
  29. [PASS] Health returns status 'ok'
  30. [PASS] GET / -> serves HTML
  31. [PASS] HTML contains courtroom title
  32. [PASS] GET /style.css -> 200
  33. [PASS] GET /app.js -> 200
  34. [PASS] POST /api/debate empty -> 400
  35. [PASS] POST /api/debate no JSON -> 400
  36. [PASS] POST /api/debate too long -> 400
  37. [PASS] POST /api/judge missing fields -> 400

[API] Live API Tests (requires valid API key)
----------------------------------------
  ...calling OpenRouter API (may take 10-20 seconds)...
[Debate] Trying model: meta-llama/llama-3.1-8b-instruct
[Debate] Success with model: meta-llama/llama-3.1-8b-instruct
  38. [PASS] Debate API returns 200
  39. [PASS] Debate response has content
       AI said: "That's a deterministic stance, but it relies on a flawed assumption: that consciousness is a product..."
  ...calling Judge API...
[Judge] Trying model: meta-llama/llama-3.1-8b-instruct
[ERROR] Judge endpoint: 'latin-1' codec can't encode character '\u2014' in position 24: ordinal not in range(256)
  40. [PASS] Judge API returns 200
  41. [PASS] Judge returns user_score
  42. [PASS] Judge returns ai_score
  43. [PASS] Judge returns feedback
  44. [PASS] Scores are in valid range
       Scores: You=6.0, AI=6.5
       Feedback: "The judge encountered a procedural delay. Scores are provisional."
  45. [PASS] Domain restriction works live

============================================================
Results: 45/45 passed
[PASS] All tests passed!
============================================================

    response = requests.pos
t(OPENROUTER_BASE_URL, 
json=payload, 
headers=headers, 
timeout=30)
  File "C:\Users\shiva\AppD
ata\Local\Programs\Python\P
ython310\lib\site-packages\
requests\api.py", line 
115, in post
    return request("post", 
url, data=data, json=json, 
**kwargs)
  File "C:\Users\shiva\AppD
ata\Local\Programs\Python\P
ython310\lib\site-packages\
requests\api.py", line 59, 
in request
    return session.request(
method=method, url=url, 
**kwargs)
  File "C:\Users\shiva\AppD
ata\Local\Programs\Python\P
ython310\lib\site-packages\
requests\sessions.py", 
line 589, in request
    resp = self.send(prep, 
**send_kwargs)
  File "C:\Users\shiva\AppD
ata\Local\Programs\Python\P
ython310\lib\site-packages\
requests\sessions.py", 
line 703, in send
    r = 
adapter.send(request, 
**kwargs)
  File "C:\Users\shiva\AppD
ata\Local\Programs\Python\P
ython310\lib\site-packages\
requests\adapters.py", 
line 667, in send
    resp = conn.urlopen(
  File "C:\Users\shiva\AppD
ata\Local\Programs\Python\P
ython310\lib\site-packages\
urllib3\connectionpool.py",
 line 787, in urlopen
    response = 
self._make_request(
  File "C:\Users\shiva\AppD
ata\Local\Programs\Python\P
ython310\lib\site-packages\
urllib3\connectionpool.py",
 line 493, in _make_request
    conn.request(
  File "C:\Users\shiva\AppD
ata\Local\Programs\Python\P
ython310\lib\site-packages\
urllib3\connection.py", 
line 499, in request
    self.putheader(header, 
value)
  File "C:\Users\shiva\AppD
ata\Local\Programs\Python\P
ython310\lib\site-packages\
urllib3\connection.py", 
line 413, in putheader
    
super().putheader(header, 
*values)
  File "C:\Users\shiva\AppD
ata\Local\Programs\Python\P
ython310\lib\http\client.py
", line 1256, in putheader
    values[i] = 
one_value.encode('latin-1')
UnicodeEncodeError: 
'latin-1' codec can't 
encode character '\u2014' 
in position 24: ordinal 
not in range(256)
